[     253ms] [INFO] %cDownload the React DevTools for a better development experience: https://react.dev/link/react-devtools font-weight:bold @ http://localhost:3000/_next/static/chunks/node_modules_next_dist_1e8vcs8._.js:776
[     287ms] [LOG] [HMR] connected @ http://localhost:3000/_next/static/chunks/node_modules_next_dist_1e8vcs8._.js:776
[     527ms] [ERROR] A tree hydrated but some attributes of the server rendered HTML didn't match the client properties. This won't be patched up. This can happen if a SSR-ed Client Component used:

- A server/client branch `if (typeof window !== 'undefined')`.
- Variable input such as `Date.now()` or `Math.random()` which changes each time it's called.
- Date formatting in a user's locale which doesn't match the server.
- External changing data without sending a snapshot of it along with the HTML.
- Invalid HTML tag nesting.

It can also happen if the client has a browser extension installed which messes with the HTML before React loaded.

%s%s https://react.dev/link/hydration-mismatch 

  ...
    <LoadingBoundary name="/" loading={null}>
      <HTTPAccessFallbackBoundary notFound={{...}} forbidden={undefined} unauthorized={undefined}>
        <HTTPAccessFallbackErrorBoundary pathname="/" notFound={{...}} forbidden={undefined} unauthorized={undefined} ...>
          <RedirectBoundary>
            <RedirectErrorBoundary router={{...}}>
              <InnerLayoutRouter url="/" tree={[...]} params={{}} cacheNode={{rsc:{...}, ...}} segmentPath={[...]} ...>
                <SegmentViewNode type="page" pagePath="page.tsx">
                  <SegmentTrieNode>
                  <ClientPageRoot Component={function HomePage} serverProvidedParams={{...}}>
                    <HomePage params={Promise} searchParams={Promise}>
                      <Suspense fallback={<div>}>
                        <HomeContent>
                          <div style={{width:"100%", ...}}>
                            <div
+                             className="home-main-container"
-                             className={null}
-                             style={{width:"100%",max-width:"1240px",padding-top:"24px",padding-right:"24px",padding-bottom:"80px", ...}}
                            >
                              <div
+                               className="home-hero-wrap"
-                               className={null}
                                style={{
+                                 width: "100%"
-                                 width: "100%"
+                                 marginBottom: "32px"
+                                 marginTop: "4px"
-                                 margin-bottom: "36px"
-                                 margin-top: "4px"
                                }}
                              >
                                <div className="hero-promo..." style={{...}}>
                                  <div>
                                  <div>
                                  <div className="hero-promo...">
                                    <div
+                                     className="hero-promo-badge"
-                                     className={null}
                                      style={{display:"inline-flex",alignItems:"center",gap:"6px",padding:"6px 14px",borderRadius:"999px", ...}}
                                    >
+                                     ✨ Rekomendasi Minggu Ini
                                    <h1
+                                     className="hero-promo-title"
-                                     className={null}
                                      style={{fontSize:"2.2rem",fontWeight:900,color:"#FFFFFF",lineHeight:1.2,letterSpacing:"-0.03em", ...}}
                                    >
+                                     Jelajahi Ribuan Buku Tanpa Batas
                                    <p
+                                     className="hero-promo-desc"
-                                     className={null}
                                      style={{fontSize:"0.938rem",color:"#CBD5E1",lineHeight:1.6,margin:"0 0 24px 0",maxWidth:"460px", ...}}
                                    >
+                                     Temukan literatur akademik dan novel populer langsung dari penerbit terpercaya da...
                                    ...
                                  ...
                              <section
+                               id="koleksi-buku-section"
-                               id={null}
                                ref={{current:null}}
                                style={{width:"100%"}}
                              >
                                <div
+                                 className="home-books-header"
-                                 className={null}
                                  style={{
+                                   display: "flex"
-                                   display: "flex"
+                                   justifyContent: "space-between"
+                                   alignItems: "center"
+                                   flexWrap: "wrap"
+                                   gap: "16px"
+                                   marginBottom: "24px"
+                                   paddingBottom: "14px"
+                                   borderBottom: "1px solid #E2E8F0"
-                                   justify-content: "space-between"
-                                   align-items: "center"
-                                   flex-wrap: "wrap"
-                                   row-gap: "16px"
-                                   column-gap: "16px"
-                                   margin-bottom: "28px"
-                                   padding-bottom: "16px"
-                                   border-bottom-width: "1px"
-                                   border-bottom-style: "solid"
-                                   border-bottom-color: "rgb(226, 232, 240)"
                                  }}
                                >
                                  <div>
                                    <h2
+                                     className="home-section-title"
-                                     className={null}
                                      style={{
+                                       fontWeight: 800
+                                       color: "#0F172A"
-                                       color: "rgb(15, 23, 42)"
+                                       letterSpacing: "-0.02em"
+                                       margin: "0 0 4px"
-                                       font-size: "1.5rem"
-                                       font-weight: "800"
-                                       letter-spacing: "-0.02em"
-                                       margin-top: "0px"
-                                       margin-right: "0px"
-                                       margin-bottom: "4px"
-                                       margin-left: "0px"
                                      }}
                                    >
+                                     Koleksi Unggulan
                                    ...
                                  <div className="home-filte...">
                                    <div
                                      className="home-filter-item"
-                                     style={{position:"relative",display:"inline-flex",align-items:"center"}}
                                    >
                                      <div
+                                       className="home-filter-icon-left"
-                                       className={null}
                                        style={{
+                                         color: "#64748B"
-                                         color: "rgb(100, 116, 139)"
-                                         position: "absolute"
-                                         left: "12px"
-                                         pointer-events: "none"
-                                         display: "flex"
-                                         align-items: "center"
                                        }}
                                      >
                                      <select
                                        value="ALL"
                                        onChange={function onChange}
                                        style={{
+                                         padding: "8px 28px 8px 32px"
+                                         background: "#FFFFFF"
+                                         border: "1px solid #E2E8F0"
+                                         color: "#1E293B"
-                                         color: "rgb(30, 41, 59)"
+                                         borderRadius: "10px"
+                                         fontSize: "0.813rem"
+                                         fontWeight: 600
+                                         cursor: "pointer"
-                                         cursor: "pointer"
+                                         transition: "all 0.15s ease"
+                                         boxShadow: "0 1px 2px rgba(0,0,0,0.02)"
-                                         appearance: "none"
-                                         padding-top: "8px"
-                                         padding-right: "30px"
-                                         padding-bottom: "8px"
-                                         padding-left: "32px"
-                                         background-image: "initial"
-                                         background-position-x: "initial"
-                                         background-position-y: "initial"
-                                         background-size: "initial"
-                                         background-repeat: "initial"
-                                         background-attachment: "initial"
-                                         background-origin: "initial"
-                                         background-clip: "initial"
-                                         background-color: "rgb(255, 255, 255)"
-                                         border-top-width: "1px"
-                                         border-right-width: "1px"
-                                         border-bottom-width: "1px"
-                                         border-left-width: "1px"
-                                         border-top-style: "solid"
-                                         border-right-style: "solid"
-                                         border-bottom-style: "solid"
-                                         border-left-style: "solid"
-                                         border-top-color: "rgb(226, 232, 240)"
-                                         border-right-color: "rgb(226, 232, 240)"
-                                         border-bottom-color: "rgb(226, 232, 240)"
-                                         border-left-color: "rgb(226, 232, 240)"
-                                         border-image-source: "none"
-                                         border-image-slice: "100%"
-                                         border-image-width: "1"
-                                         border-image-outset: "0"
-                                         border-image-repeat: "stretch"
-                                         border-top-left-radius: "10px"
-                                         border-top-right-radius: "10px"
-                                         border-bottom-right-radius: "10px"
-                                         border-bottom-left-radius: "10px"
-                                         font-size: "0.813rem"
-                                         font-weight: "600"
-                                         outline-color: "initial"
-                                         outline-style: "none"
-                                         outline-width: "initial"
-                                         transition-behavior: "normal"
-                                         transition-duration: "0.15s"
-                                         transition-timing-function: "ease"
-                                         transition-delay: "0s"
-                                         transition-property: "all"
-                                         box-shadow: "rgba(0, 0, 0, 0.02) 0px 1px 2px"
                                        }}
                                      >
                                      <div
+                                       className="home-filter-icon-right"
-                                       className={null}
                                        style={{
+                                         color: "#94A3B8"
-                                         color: "rgb(148, 163, 184)"
-                                         position: "absolute"
-                                         right: "10px"
-                                         pointer-events: "none"
-                                         display: "flex"
-                                         align-items: "center"
                                        }}
                                      >
                                    <div
                                      className="home-filter-item"
-                                     style={{position:"relative",display:"inline-flex",align-items:"center"}}
                                    >
                                      <div
+                                       className="home-filter-icon-left"
-                                       className={null}
                                        style={{
+                                         color: "#64748B"
-                                         color: "rgb(100, 116, 139)"
-                                         position: "absolute"
-                                         left: "12px"
-                                         pointer-events: "none"
-                                         display: "flex"
-                                         align-items: "center"
                                        }}
                                      >
                                      <select
                                        value="NEWEST"
                                        onChange={function onChange}
                                        style={{
+                                         padding: "8px 28px 8px 32px"
+                                         background: "#FFFFFF"
+                                         border: "1px solid #E2E8F0"
+                                         color: "#1E293B"
-                                         color: "rgb(30, 41, 59)"
+                                         borderRadius: "10px"
+                                         fontSize: "0.813rem"
+                                         fontWeight: 600
+                                         cursor: "pointer"
-                                         cursor: "pointer"
+                                         transition: "all 0.15s ease"
+                                         boxShadow: "0 1px 2px rgba(0,0,0,0.02)"
-                                         appearance: "none"
-                                         padding-top: "8px"
-                                         padding-right: "30px"
-                                         padding-bottom: "8px"
-                                         padding-left: "32px"
-                                         background-image: "initial"
-                                         background-position-x: "initial"
-                                         background-position-y: "initial"
-                                         background-size: "initial"
-                                         background-repeat: "initial"
-                                         background-attachment: "initial"
-                                         background-origin: "initial"
-                                         background-clip: "initial"
-                                         background-color: "rgb(255, 255, 255)"
-                                         border-top-width: "1px"
-                                         border-right-width: "1px"
-                                         border-bottom-width: "1px"
-                                         border-left-width: "1px"
-                                         border-top-style: "solid"
-                                         border-right-style: "solid"
-                                         border-bottom-style: "solid"
-                                         border-left-style: "solid"
-                                         border-top-color: "rgb(226, 232, 240)"
-                                         border-right-color: "rgb(226, 232, 240)"
-                                         border-bottom-color: "rgb(226, 232, 240)"
-                                         border-left-color: "rgb(226, 232, 240)"
-                                         border-image-source: "none"
-                                         border-image-slice: "100%"
-                                         border-image-width: "1"
-                                         border-image-outset: "0"
-                                         border-image-repeat: "stretch"
-                                         border-top-left-radius: "10px"
-                                         border-top-right-radius: "10px"
-                                         border-bottom-right-radius: "10px"
-                                         border-bottom-left-radius: "10px"
-                                         font-size: "0.813rem"
-                                         font-weight: "600"
-                                         outline-color: "initial"
-                                         outline-style: "none"
-                                         outline-width: "initial"
-                                         transition-behavior: "normal"
-                                         transition-duration: "0.15s"
-                                         transition-timing-function: "ease"
-                                         transition-delay: "0s"
-                                         transition-property: "all"
-                                         box-shadow: "rgba(0, 0, 0, 0.02) 0px 1px 2px"
                                        }}
                                      >
                                      <div
+                                       className="home-filter-icon-right"
-                                       className={null}
                                        style={{
+                                         color: "#94A3B8"
-                                         color: "rgb(148, 163, 184)"
-                                         position: "absolute"
-                                         right: "10px"
-                                         pointer-events: "none"
-                                         display: "flex"
-                                         align-items: "center"
                                        }}
                                      >
                                    <div
                                      className="home-filter-item"
-                                     style={{position:"relative",display:"inline-flex",align-items:"center"}}
                                    >
                                      <div
+                                       className="home-filter-icon-left"
-                                       className={null}
                                        style={{
+                                         color: "#64748B"
-                                         color: "rgb(100, 116, 139)"
-                                         position: "absolute"
-                                         left: "12px"
-                                         pointer-events: "none"
-                                         display: "flex"
-                                         align-items: "center"
                                        }}
                                      >
                                      <select
                                        value="ALL"
                                        onChange={function onChange}
                                        style={{
+                                         padding: "8px 28px 8px 32px"
+                                         background: "#FFFFFF"
+                                         border: "1px solid #E2E8F0"
+                                         color: "#1E293B"
-                                         color: "rgb(30, 41, 59)"
+                                         borderRadius: "10px"
+                                         fontSize: "0.813rem"
+                                         fontWeight: 600
+                                         cursor: "pointer"
-                                         cursor: "pointer"
+                                         transition: "all 0.15s ease"
+                                         boxShadow: "0 1px 2px rgba(0,0,0,0.02)"
-                                         appearance: "none"
-                                         padding-top: "8px"
-                                         padding-right: "30px"
-                                         padding-bottom: "8px"
-                                         padding-left: "32px"
-                                         background-image: "initial"
-                                         background-position-x: "initial"
-                                         background-position-y: "initial"
-                                         background-size: "initial"
-                                         background-repeat: "initial"
-                                         background-attachment: "initial"
-                                         background-origin: "initial"
-                                         background-clip: "initial"
-                                         background-color: "rgb(255, 255, 255)"
-                                         border-top-width: "1px"
-                                         border-right-width: "1px"
-                                         border-bottom-width: "1px"
-                                         border-left-width: "1px"
-                                         border-top-style: "solid"
-                                         border-right-style: "solid"
-                                         border-bottom-style: "solid"
-                                         border-left-style: "solid"
-                                         border-top-color: "rgb(226, 232, 240)"
-                                         border-right-color: "rgb(226, 232, 240)"
-                                         border-bottom-color: "rgb(226, 232, 240)"
-                                         border-left-color: "rgb(226, 232, 240)"
-                                         border-image-source: "none"
-                                         border-image-slice: "100%"
-                                         border-image-width: "1"
-                                         border-image-outset: "0"
-                                         border-image-repeat: "stretch"
-                                         border-top-left-radius: "10px"
-                                         border-top-right-radius: "10px"
-                                         border-bottom-right-radius: "10px"
-                                         border-bottom-left-radius: "10px"
-                                         font-size: "0.813rem"
-                                         font-weight: "600"
-                                         outline-color: "initial"
-                                         outline-style: "none"
-                                         outline-width: "initial"
-                                         transition-behavior: "normal"
-                                         transition-duration: "0.15s"
-                                         transition-timing-function: "ease"
-                                         transition-delay: "0s"
-                                         transition-property: "all"
-                                         box-shadow: "rgba(0, 0, 0, 0.02) 0px 1px 2px"
                                        }}
                                      >
                                      <div
+                                       className="home-filter-icon-right"
-                                       className={null}
                                        style={{
+                                         color: "#94A3B8"
-                                         color: "rgb(148, 163, 184)"
-                                         position: "absolute"
-                                         right: "10px"
-                                         pointer-events: "none"
-                                         display: "flex"
-                                         align-items: "center"
                                        }}
                                      >
                                ...
                ...
              ...
 @ http://localhost:3000/_next/static/chunks/node_modules_next_dist_1e8vcs8._.js:1052
