[     319ms] [INFO] %cDownload the React DevTools for a better development experience: https://react.dev/link/react-devtools font-weight:bold @ http://localhost:3000/_next/static/chunks/node_modules_next_dist_1e8vcs8._.js:776
[     350ms] [LOG] [HMR] connected @ http://localhost:3000/_next/static/chunks/node_modules_next_dist_1e8vcs8._.js:776
[     452ms] [ERROR] A tree hydrated but some attributes of the server rendered HTML didn't match the client properties. This won't be patched up. This can happen if a SSR-ed Client Component used:

- A server/client branch `if (typeof window !== 'undefined')`.
- Variable input such as `Date.now()` or `Math.random()` which changes each time it's called.
- Date formatting in a user's locale which doesn't match the server.
- External changing data without sending a snapshot of it along with the HTML.
- Invalid HTML tag nesting.

It can also happen if the client has a browser extension installed which messes with the HTML before React loaded.

%s%s https://react.dev/link/hydration-mismatch 

  ...
    <ScrollAndMaybeFocusHandler cacheNode={{rsc:{...}, ...}}>
      <InnerScrollHandlerNew focusAndScrollRef={{scrollRef:null, ...}} cacheNode={{rsc:{...}, ...}}>
        <ErrorBoundary errorComponent={undefined} errorStyles={undefined} errorScripts={undefined}>
          <LoadingBoundary name="tentang-kami/" loading={null}>
            <HTTPAccessFallbackBoundary notFound={undefined} forbidden={undefined} unauthorized={undefined}>
              <RedirectBoundary>
                <RedirectErrorBoundary router={{...}}>
                  <InnerLayoutRouter url="/tentang-kami" tree={[...]} params={{}} cacheNode={{rsc:{...}, ...}} ...>
                    <SegmentViewNode type="page" pagePath="tentang-ka...">
                      <SegmentTrieNode>
                      <ClientPageRoot Component={function TentangKamiPage} serverProvidedParams={{...}}>
                        <TentangKamiPage params={Promise} searchParams={Promise}>
                          <div style={{width:"100%", ...}}>
                            <section
                              style={{
+                               position: "relative"
-                               position: "relative"
+                               width: "100%"
-                               width: "100%"
+                               minHeight: "360px"
+                               display: "flex"
-                               display: "flex"
+                               alignItems: "center"
+                               justifyContent: "center"
+                               backgroundImage: "url(\"https://images.unsplash.com/photo-1507842217343-583bb7270b66?q..."
+                               backgroundSize: "cover"
+                               backgroundPosition: "center"
-                               min-height: "480px"
-                               align-items: "center"
-                               justify-content: "center"
-                               background-image: "url(\"https://images.unsplash.com/photo-1507842217343-583bb7270b66?..."
-                               background-size: "cover"
-                               background-position-x: "center"
-                               background-position-y: "center"
                              }}
                            >
                              <div>
                              <div
                                style={{
+                                 position: "relative"
-                                 position: "relative"
+                                 zIndex: 10
+                                 textAlign: "center"
+                                 padding: "60px 18px 48px"
+                                 maxWidth: "1000px"
+                                 width: "100%"
-                                 width: "100%"
+                                 margin: "0 auto"
+                                 display: "flex"
-                                 display: "flex"
+                                 flexDirection: "column"
+                                 alignItems: "center"
-                                 z-index: "10"
-                                 text-align: "center"
-                                 padding-top: "110px"
-                                 padding-right: "24px"
-                                 padding-bottom: "60px"
-                                 padding-left: "24px"
-                                 max-width: "1000px"
-                                 margin-top: "0px"
-                                 margin-right: "auto"
-                                 margin-bottom: "0px"
-                                 margin-left: "auto"
-                                 flex-direction: "column"
-                                 align-items: "center"
                                }}
                              >
                                <div
                                  style={{
+                                   fontSize: "11px"
+                                   fontWeight: 800
+                                   color: "#D1D5DB"
-                                   color: "rgb(209, 213, 219)"
+                                   letterSpacing: "0.15em"
+                                   textTransform: "uppercase"
+                                   marginBottom: "12px"
-                                   font-size: "11px"
-                                   font-weight: "800"
-                                   letter-spacing: "0.15em"
-                                   text-transform: "uppercase"
-                                   margin-bottom: "16px"
                                  }}
                                >
+                                 {"VISI & MISI KAMI"}
                                <h1
                                  style={{
+                                   fontSize: "clamp(1.75rem, 5vw, 3.25rem)"
+                                   fontWeight: 900
+                                   color: "#FFFFFF"
-                                   color: "rgb(255, 255, 255)"
+                                   lineHeight: 1.2
+                                   marginBottom: "14px"
+                                   letterSpacing: "-0.02em"
-                                   font-size: "clamp(2rem, 5vw, 3.25rem)"
-                                   font-weight: "900"
-                                   line-height: "1.2"
-                                   margin-bottom: "16px"
-                                   letter-spacing: "-0.02em"
                                  }}
                                >
                                <p
                                  style={{
+                                   fontSize: "clamp(0.875rem, 2vw, 1.125rem)"
+                                   color: "#E5E7EB"
-                                   color: "rgb(229, 231, 235)"
+                                   maxWidth: "720px"
+                                   margin: "0 auto"
+                                   lineHeight: 1.65
+                                   fontWeight: 300
-                                   font-size: "clamp(0.95rem, 2vw, 1.125rem)"
-                                   max-width: "720px"
-                                   margin-top: "0px"
-                                   margin-right: "auto"
-                                   margin-bottom: "0px"
-                                   margin-left: "auto"
-                                   line-height: "1.7"
-                                   font-weight: "300"
                                  }}
                                >
+                                 Satu platform komprehensif untuk menerbitkan, mengkurasi, dan menyebarkan literatur i...
                            <section style={{width:"100%", ...}}>
                              <div
                                className="stats-bar-wrapper"
                                style={{
+                                 maxWidth: "1200px"
+                                 margin: "0 auto"
+                                 padding: "20px 16px"
+                                 width: "100%"
-                                 width: "100%"
-                                 max-width: "1200px"
-                                 margin-top: "0px"
-                                 margin-right: "auto"
-                                 margin-bottom: "0px"
-                                 margin-left: "auto"
-                                 padding-top: "24px"
-                                 padding-right: "16px"
-                                 padding-bottom: "24px"
-                                 padding-left: "16px"
                                }}
                              >
                                <div
+                                 className="stats-bar-grid"
-                                 className={null}
-                                 style={{display:"grid",grid-template-columns:"repeat(4, ...",text-align:"center",row-gap:"8px", ...}}
                                >
                                  <div
+                                   className="stats-bar-item"
-                                   className={null}
                                    style={{display:"flex",flexDirection:"column",alignItems:"center",justifyContent:"center", ...}}
                                  >
                                    <div
                                      style={{
+                                       fontSize: "clamp(1.35rem, 3vw, 2.5rem)"
+                                       fontWeight: 900
+                                       color: "#0F172A"
-                                       color: "rgb(15, 23, 42)"
+                                       lineHeight: 1
+                                       marginBottom: "6px"
-                                       font-size: "clamp(1.2rem, 3vw, 2.5rem)"
-                                       font-weight: "900"
-                                       line-height: "1"
-                                       margin-bottom: "6px"
                                      }}
                                    >
+                                     50+
                                    <div
                                      style={{
+                                       fontSize: "0.688rem"
+                                       fontWeight: 700
+                                       color: "#64748B"
-                                       color: "rgb(100, 116, 139)"
+                                       textTransform: "uppercase"
+                                       letterSpacing: "0.05em"
+                                       lineHeight: 1.2
-                                       font-size: "clamp(0.5rem, 1.5vw, 0.75rem)"
-                                       font-weight: "700"
-                                       text-transform: "uppercase"
-                                       letter-spacing: "0.05em"
-                                       line-height: "1.2"
                                      }}
                                    >
+                                     MITRA INSTITUSI
                                  <div
+                                   className="stats-bar-item"
-                                   className={null}
                                    style={{display:"flex",flexDirection:"column",alignItems:"center",justifyContent:"center", ...}}
                                  >
                                    <div
                                      style={{
+                                       fontSize: "clamp(1.35rem, 3vw, 2.5rem)"
+                                       fontWeight: 900
+                                       color: "#0F172A"
-                                       color: "rgb(15, 23, 42)"
+                                       lineHeight: 1
+                                       marginBottom: "6px"
-                                       font-size: "clamp(1.2rem, 3vw, 2.5rem)"
-                                       font-weight: "900"
-                                       line-height: "1"
-                                       margin-bottom: "6px"
                                      }}
                                    >
+                                     100K+
                                    <div
                                      style={{
+                                       fontSize: "0.688rem"
+                                       fontWeight: 700
+                                       color: "#64748B"
-                                       color: "rgb(100, 116, 139)"
+                                       textTransform: "uppercase"
+                                       letterSpacing: "0.05em"
+                                       lineHeight: 1.2
-                                       font-size: "clamp(0.5rem, 1.5vw, 0.75rem)"
-                                       font-weight: "700"
-                                       text-transform: "uppercase"
-                                       letter-spacing: "0.05em"
-                                       line-height: "1.2"
                                      }}
                                    >
+                                     PEMBACA AKTIF
                                  <div
+                                   className="stats-bar-item"
-                                   className={null}
                                    style={{display:"flex",flexDirection:"column",alignItems:"center",justifyContent:"center", ...}}
                                  >
                                    <div
                                      style={{
+                                       fontSize: "clamp(1.35rem, 3vw, 2.5rem)"
+                                       fontWeight: 900
+                                       color: "#0F172A"
-                                       color: "rgb(15, 23, 42)"
+                                       lineHeight: 1
+                                       marginBottom: "6px"
-                                       font-size: "clamp(1.2rem, 3vw, 2.5rem)"
-                                       font-weight: "900"
-                                       line-height: "1"
-                                       margin-bottom: "6px"
                                      }}
                                    >
+                                     15K+
                                    <div
                                      style={{
+                                       fontSize: "0.688rem"
+                                       fontWeight: 700
+                                       color: "#64748B"
-                                       color: "rgb(100, 116, 139)"
+                                       textTransform: "uppercase"
+                                       letterSpacing: "0.05em"
+                                       lineHeight: 1.2
-                                       font-size: "clamp(0.5rem, 1.5vw, 0.75rem)"
-                                       font-weight: "700"
-                                       text-transform: "uppercase"
-                                       letter-spacing: "0.05em"
-                                       line-height: "1.2"
                                      }}
                                    >
+                                     KOLEKSI EBOOK
                                  <div
+                                   className="stats-bar-item"
-                                   className={null}
                                    style={{display:"flex",flexDirection:"column",alignItems:"center",justifyContent:"center",padding:"..."}}
                                  >
                                    <div
                                      style={{
+                                       fontSize: "clamp(1.35rem, 3vw, 2.5rem)"
+                                       fontWeight: 900
+                                       color: "#0F172A"
-                                       color: "rgb(15, 23, 42)"
+                                       lineHeight: 1
+                                       marginBottom: "6px"
-                                       font-size: "clamp(1.2rem, 3vw, 2.5rem)"
-                                       font-weight: "900"
-                                       line-height: "1"
-                                       margin-bottom: "6px"
                                      }}
                                    >
+                                     24/7
                                    <div
                                      style={{
+                                       fontSize: "0.688rem"
+                                       fontWeight: 700
+                                       color: "#64748B"
-                                       color: "rgb(100, 116, 139)"
+                                       textTransform: "uppercase"
+                                       letterSpacing: "0.05em"
+                                       lineHeight: 1.2
-                                       font-size: "clamp(0.5rem, 1.5vw, 0.75rem)"
-                                       font-weight: "700"
-                                       text-transform: "uppercase"
-                                       letter-spacing: "0.05em"
-                                       line-height: "1.2"
                                      }}
                                    >
+                                     AKSES DIGITAL
                            ...
                    ...
                  ...
        ...
 @ http://localhost:3000/_next/static/chunks/node_modules_next_dist_1e8vcs8._.js:1052
