[     181ms] [INFO] %cDownload the React DevTools for a better development experience: https://react.dev/link/react-devtools font-weight:bold @ http://localhost:3000/_next/static/chunks/node_modules_next_dist_1e8vcs8._.js:776
[     204ms] [LOG] [HMR] connected @ http://localhost:3000/_next/static/chunks/node_modules_next_dist_1e8vcs8._.js:776
[     345ms] [ERROR] A tree hydrated but some attributes of the server rendered HTML didn't match the client properties. This won't be patched up. This can happen if a SSR-ed Client Component used:

- A server/client branch `if (typeof window !== 'undefined')`.
- Variable input such as `Date.now()` or `Math.random()` which changes each time it's called.
- Date formatting in a user's locale which doesn't match the server.
- External changing data without sending a snapshot of it along with the HTML.
- Invalid HTML tag nesting.

It can also happen if the client has a browser extension installed which messes with the HTML before React loaded.

%s%s https://react.dev/link/hydration-mismatch 

  ...
    <HTTPAccessFallbackBoundary notFound={{...}} forbidden={undefined} unauthorized={undefined}>
      <HTTPAccessFallbackErrorBoundary pathname="/" notFound={{...}} forbidden={undefined} unauthorized={undefined} ...>
        <RedirectBoundary>
          <RedirectErrorBoundary router={{...}}>
            <InnerLayoutRouter url="/" tree={[...]} params={{}} cacheNode={{rsc:{...}, ...}} segmentPath={[...]} ...>
              <SegmentViewNode type="page" pagePath="page.tsx">
                <SegmentTrieNode>
                <ClientPageRoot Component={function HomePage} serverProvidedParams={{...}}>
                  <HomePage params={Promise} searchParams={Promise}>
                    <Suspense fallback={<div>}>
                      <HomeContent>
                        <div suppressHydrationWarning={true} style={{width:"100%", ...}}>
                          <div className="home-main-..." suppressHydrationWarning={true}>
                            <div
+                             className="home-hero-wrap"
-                             className={null}
                              style={{
+                               width: "100%"
-                               width: "100%"
+                               marginBottom: "32px"
+                               marginTop: "4px"
-                               margin-bottom: "36px"
-                               margin-top: "4px"
                              }}
                            >
                              <div className="hero-promo..." suppressHydrationWarning={true} style={{...}}>
                                <div>
                                <div>
                                <div className="hero-promo..." suppressHydrationWarning={true}>
                                  <div>
                                  <h1
+                                   className="hero-promo-title"
-                                   className={null}
                                    style={{fontSize:"2.2rem",fontWeight:900,color:"#FFFFFF",lineHeight:1.2,letterSpacing:"-0.03em", ...}}
                                  >
+                                   Jelajahi Ribuan Buku Tanpa Batas
                                  <p
+                                   className="hero-promo-desc"
-                                   className={null}
                                    style={{fontSize:"0.938rem",color:"#CBD5E1",lineHeight:1.6,margin:"0 0 24px 0",maxWidth:"460px", ...}}
                                  >
+                                   Temukan literatur akademik dan novel populer langsung dari penerbit terpercaya dala...
                                  ...
                                ...
                            <section
+                             id="koleksi-buku-section"
-                             id={null}
                              ref={{current:null}}
                              style={{width:"100%"}}
                            >
                              <div
+                               className="home-books-header"
-                               className={null}
                                style={{
+                                 display: "flex"
-                                 display: "flex"
+                                 justifyContent: "space-between"
+                                 alignItems: "center"
+                                 flexWrap: "wrap"
+                                 gap: "16px"
+                                 marginBottom: "24px"
+                                 paddingBottom: "14px"
+                                 borderBottom: "1px solid #E2E8F0"
-                                 justify-content: "space-between"
-                                 align-items: "center"
-                                 flex-wrap: "wrap"
-                                 row-gap: "16px"
-                                 column-gap: "16px"
-                                 margin-bottom: "28px"
-                                 padding-bottom: "16px"
-                                 border-bottom-width: "1px"
-                                 border-bottom-style: "solid"
-                                 border-bottom-color: "rgb(226, 232, 240)"
                                }}
                              >
                                <div>
                                  <h2
+                                   className="home-section-title"
-                                   className={null}
                                    style={{
+                                     fontWeight: 800
+                                     color: "#0F172A"
-                                     color: "rgb(15, 23, 42)"
+                                     letterSpacing: "-0.02em"
+                                     margin: "0 0 4px"
-                                     font-size: "1.5rem"
-                                     font-weight: "800"
-                                     letter-spacing: "-0.02em"
-                                     margin-top: "0px"
-                                     margin-right: "0px"
-                                     margin-bottom: "4px"
-                                     margin-left: "0px"
                                    }}
                                  >
+                                   Koleksi Unggulan
                                  ...
                                <div className="home-filte...">
                                  <div
                                    className="home-filter-item"
-                                   style={{position:"relative",display:"inline-flex",align-items:"center"}}
                                  >
                                    <div
+                                     className="home-filter-icon-left"
-                                     className={null}
                                      style={{
+                                       color: "#64748B"
-                                       color: "rgb(100, 116, 139)"
-                                       position: "absolute"
-                                       left: "12px"
-                                       pointer-events: "none"
-                                       display: "flex"
-                                       align-items: "center"
                                      }}
                                    >
                                    <select
                                      value="ALL"
                                      onChange={function onChange}
                                      style={{
+                                       padding: "8px 28px 8px 32px"
+                                       background: "#FFFFFF"
+                                       border: "1px solid #E2E8F0"
+                                       color: "#1E293B"
-                                       color: "rgb(30, 41, 59)"
+                                       borderRadius: "10px"
+                                       fontSize: "0.813rem"
+                                       fontWeight: 600
+                                       cursor: "pointer"
-                                       cursor: "pointer"
+                                       transition: "all 0.15s ease"
+                                       boxShadow: "0 1px 2px rgba(0,0,0,0.02)"
-                                       appearance: "none"
-                                       padding-top: "8px"
-                                       padding-right: "30px"
-                                       padding-bottom: "8px"
-                                       padding-left: "32px"
-                                       background-image: "initial"
-                                       background-position-x: "initial"
-                                       background-position-y: "initial"
-                                       background-size: "initial"
-                                       background-repeat: "initial"
-                                       background-attachment: "initial"
-                                       background-origin: "initial"
-                                       background-clip: "initial"
-                                       background-color: "rgb(255, 255, 255)"
-                                       border-top-width: "1px"
-                                       border-right-width: "1px"
-                                       border-bottom-width: "1px"
-                                       border-left-width: "1px"
-                                       border-top-style: "solid"
-                                       border-right-style: "solid"
-                                       border-bottom-style: "solid"
-                                       border-left-style: "solid"
-                                       border-top-color: "rgb(226, 232, 240)"
-                                       border-right-color: "rgb(226, 232, 240)"
-                                       border-bottom-color: "rgb(226, 232, 240)"
-                                       border-left-color: "rgb(226, 232, 240)"
-                                       border-image-source: "none"
-                                       border-image-slice: "100%"
-                                       border-image-width: "1"
-                                       border-image-outset: "0"
-                                       border-image-repeat: "stretch"
-                                       border-top-left-radius: "10px"
-                                       border-top-right-radius: "10px"
-                                       border-bottom-right-radius: "10px"
-                                       border-bottom-left-radius: "10px"
-                                       font-size: "0.813rem"
-                                       font-weight: "600"
-                                       outline-color: "initial"
-                                       outline-style: "none"
-                                       outline-width: "initial"
-                                       transition-behavior: "normal"
-                                       transition-duration: "0.15s"
-                                       transition-timing-function: "ease"
-                                       transition-delay: "0s"
-                                       transition-property: "all"
-                                       box-shadow: "rgba(0, 0, 0, 0.02) 0px 1px 2px"
                                      }}
                                    >
                                    <div
+                                     className="home-filter-icon-right"
-                                     className={null}
                                      style={{
+                                       color: "#94A3B8"
-                                       color: "rgb(148, 163, 184)"
-                                       position: "absolute"
-                                       right: "10px"
-                                       pointer-events: "none"
-                                       display: "flex"
-                                       align-items: "center"
                                      }}
                                    >
                                  <div
                                    className="home-filter-item"
-                                   style={{position:"relative",display:"inline-flex",align-items:"center"}}
                                  >
                                    <div
+                                     className="home-filter-icon-left"
-                                     className={null}
                                      style={{
+                                       color: "#64748B"
-                                       color: "rgb(100, 116, 139)"
-                                       position: "absolute"
-                                       left: "12px"
-                                       pointer-events: "none"
-                                       display: "flex"
-                                       align-items: "center"
                                      }}
                                    >
                                    <select
                                      value="NEWEST"
                                      onChange={function onChange}
                                      style={{
+                                       padding: "8px 28px 8px 32px"
+                                       background: "#FFFFFF"
+                                       border: "1px solid #E2E8F0"
+                                       color: "#1E293B"
-                                       color: "rgb(30, 41, 59)"
+                                       borderRadius: "10px"
+                                       fontSize: "0.813rem"
+                                       fontWeight: 600
+                                       cursor: "pointer"
-                                       cursor: "pointer"
+                                       transition: "all 0.15s ease"
+                                       boxShadow: "0 1px 2px rgba(0,0,0,0.02)"
-                                       appearance: "none"
-                                       padding-top: "8px"
-                                       padding-right: "30px"
-                                       padding-bottom: "8px"
-                                       padding-left: "32px"
-                                       background-image: "initial"
-                                       background-position-x: "initial"
-                                       background-position-y: "initial"
-                                       background-size: "initial"
-                                       background-repeat: "initial"
-                                       background-attachment: "initial"
-                                       background-origin: "initial"
-                                       background-clip: "initial"
-                                       background-color: "rgb(255, 255, 255)"
-                                       border-top-width: "1px"
-                                       border-right-width: "1px"
-                                       border-bottom-width: "1px"
-                                       border-left-width: "1px"
-                                       border-top-style: "solid"
-                                       border-right-style: "solid"
-                                       border-bottom-style: "solid"
-                                       border-left-style: "solid"
-                                       border-top-color: "rgb(226, 232, 240)"
-                                       border-right-color: "rgb(226, 232, 240)"
-                                       border-bottom-color: "rgb(226, 232, 240)"
-                                       border-left-color: "rgb(226, 232, 240)"
-                                       border-image-source: "none"
-                                       border-image-slice: "100%"
-                                       border-image-width: "1"
-                                       border-image-outset: "0"
-                                       border-image-repeat: "stretch"
-                                       border-top-left-radius: "10px"
-                                       border-top-right-radius: "10px"
-                                       border-bottom-right-radius: "10px"
-                                       border-bottom-left-radius: "10px"
-                                       font-size: "0.813rem"
-                                       font-weight: "600"
-                                       outline-color: "initial"
-                                       outline-style: "none"
-                                       outline-width: "initial"
-                                       transition-behavior: "normal"
-                                       transition-duration: "0.15s"
-                                       transition-timing-function: "ease"
-                                       transition-delay: "0s"
-                                       transition-property: "all"
-                                       box-shadow: "rgba(0, 0, 0, 0.02) 0px 1px 2px"
                                      }}
                                    >
                                    <div
+                                     className="home-filter-icon-right"
-                                     className={null}
                                      style={{
+                                       color: "#94A3B8"
-                                       color: "rgb(148, 163, 184)"
-                                       position: "absolute"
-                                       right: "10px"
-                                       pointer-events: "none"
-                                       display: "flex"
-                                       align-items: "center"
                                      }}
                                    >
                                  <div
                                    className="home-filter-item"
-                                   style={{position:"relative",display:"inline-flex",align-items:"center"}}
                                  >
                                    <div
+                                     className="home-filter-icon-left"
-                                     className={null}
                                      style={{
+                                       color: "#64748B"
-                                       color: "rgb(100, 116, 139)"
-                                       position: "absolute"
-                                       left: "12px"
-                                       pointer-events: "none"
-                                       display: "flex"
-                                       align-items: "center"
                                      }}
                                    >
                                    <select
                                      value="ALL"
                                      onChange={function onChange}
                                      style={{
+                                       padding: "8px 28px 8px 32px"
+                                       background: "#FFFFFF"
+                                       border: "1px solid #E2E8F0"
+                                       color: "#1E293B"
-                                       color: "rgb(30, 41, 59)"
+                                       borderRadius: "10px"
+                                       fontSize: "0.813rem"
+                                       fontWeight: 600
+                                       cursor: "pointer"
-                                       cursor: "pointer"
+                                       transition: "all 0.15s ease"
+                                       boxShadow: "0 1px 2px rgba(0,0,0,0.02)"
-                                       appearance: "none"
-                                       padding-top: "8px"
-                                       padding-right: "30px"
-                                       padding-bottom: "8px"
-                                       padding-left: "32px"
-                                       background-image: "initial"
-                                       background-position-x: "initial"
-                                       background-position-y: "initial"
-                                       background-size: "initial"
-                                       background-repeat: "initial"
-                                       background-attachment: "initial"
-                                       background-origin: "initial"
-                                       background-clip: "initial"
-                                       background-color: "rgb(255, 255, 255)"
-                                       border-top-width: "1px"
-                                       border-right-width: "1px"
-                                       border-bottom-width: "1px"
-                                       border-left-width: "1px"
-                                       border-top-style: "solid"
-                                       border-right-style: "solid"
-                                       border-bottom-style: "solid"
-                                       border-left-style: "solid"
-                                       border-top-color: "rgb(226, 232, 240)"
-                                       border-right-color: "rgb(226, 232, 240)"
-                                       border-bottom-color: "rgb(226, 232, 240)"
-                                       border-left-color: "rgb(226, 232, 240)"
-                                       border-image-source: "none"
-                                       border-image-slice: "100%"
-                                       border-image-width: "1"
-                                       border-image-outset: "0"
-                                       border-image-repeat: "stretch"
-                                       border-top-left-radius: "10px"
-                                       border-top-right-radius: "10px"
-                                       border-bottom-right-radius: "10px"
-                                       border-bottom-left-radius: "10px"
-                                       font-size: "0.813rem"
-                                       font-weight: "600"
-                                       outline-color: "initial"
-                                       outline-style: "none"
-                                       outline-width: "initial"
-                                       transition-behavior: "normal"
-                                       transition-duration: "0.15s"
-                                       transition-timing-function: "ease"
-                                       transition-delay: "0s"
-                                       transition-property: "all"
-                                       box-shadow: "rgba(0, 0, 0, 0.02) 0px 1px 2px"
                                      }}
                                    >
                                    <div
+                                     className="home-filter-icon-right"
-                                     className={null}
                                      style={{
+                                       color: "#94A3B8"
-                                       color: "rgb(148, 163, 184)"
-                                       position: "absolute"
-                                       right: "10px"
-                                       pointer-events: "none"
-                                       display: "flex"
-                                       align-items: "center"
                                      }}
                                    >
                              ...
              ...
            ...
 @ http://localhost:3000/_next/static/chunks/node_modules_next_dist_1e8vcs8._.js:1052
[   85298ms] [WARNING] [Fast Refresh] performing full reload

Fast Refresh will perform a full reload when you edit a file that's imported by modules outside of the React rendering tree.
You might have a file which exports a React component but also exports a value that is imported by a non-React component file.
Consider migrating the non-React component export to a separate file and importing it into both files.

It is also possible the parent component of the component you edited is a class component, which disables Fast Refresh.
Fast Refresh requires at least one parent function component in your React tree. @ http://localhost:3000/_next/static/chunks/node_modules_next_dist_1e8vcs8._.js:776
[   85518ms] [INFO] %cDownload the React DevTools for a better development experience: https://react.dev/link/react-devtools font-weight:bold @ http://localhost:3000/_next/static/chunks/node_modules_next_dist_1e8vcs8._.js:776
[   85543ms] [LOG] [HMR] connected @ http://localhost:3000/_next/static/chunks/node_modules_next_dist_1e8vcs8._.js:776
[   85597ms] Error: Element type is invalid: expected a string (for built-in components) or a class/function (for composite components) but got: undefined. You likely forgot to export your component from the file it's defined in, or you might have mixed up default and named imports.

Check the render method of `ClientPageRoot`.
    at createFiberFromTypeAndProps (http://localhost:3000/_next/static/chunks/node_modules_next_dist_compiled_react-dom_096_9a-._.js:2969:32)
    at createFiberFromElement (http://localhost:3000/_next/static/chunks/node_modules_next_dist_compiled_react-dom_096_9a-._.js:2980:16)
    at reconcileChildFibersImpl (http://localhost:3000/_next/static/chunks/node_modules_next_dist_compiled_react-dom_096_9a-._.js:4011:421)
    at http://localhost:3000/_next/static/chunks/node_modules_next_dist_compiled_react-dom_096_9a-._.js:4066:39
    at reconcileChildren (http://localhost:3000/_next/static/chunks/node_modules_next_dist_compiled_react-dom_096_9a-._.js:5705:51)
    at updateFunctionComponent (http://localhost:3000/_next/static/chunks/node_modules_next_dist_compiled_react-dom_096_9a-._.js:5897:9)
    at beginWork (http://localhost:3000/_next/static/chunks/node_modules_next_dist_compiled_react-dom_096_9a-._.js:6493:540)
    at runWithFiberInDEV (http://localhost:3000/_next/static/chunks/node_modules_next_dist_compiled_react-dom_096_9a-._.js:761:74)
    at performUnitOfWork (http://localhost:3000/_next/static/chunks/node_modules_next_dist_compiled_react-dom_096_9a-._.js:9385:97)
    at workLoopSync (http://localhost:3000/_next/static/chunks/node_modules_next_dist_compiled_react-dom_096_9a-._.js:9279:40)
    at renderRootSync (http://localhost:3000/_next/static/chunks/node_modules_next_dist_compiled_react-dom_096_9a-._.js:9263:13)
    at performWorkOnRoot (http://localhost:3000/_next/static/chunks/node_modules_next_dist_compiled_react-dom_096_9a-._.js:8928:47)
    at performWorkOnRootViaSchedulerTask (http://localhost:3000/_next/static/chunks/node_modules_next_dist_compiled_react-dom_096_9a-._.js:10085:9)
    at MessagePort.performWorkUntilDeadline (http://localhost:3000/_next/static/chunks/node_modules_next_dist_compiled_1amofcm._.js:2647:64)
[  108212ms] [WARNING] [Fast Refresh] performing full reload

Fast Refresh will perform a full reload when you edit a file that's imported by modules outside of the React rendering tree.
You might have a file which exports a React component but also exports a value that is imported by a non-React component file.
Consider migrating the non-React component export to a separate file and importing it into both files.

It is also possible the parent component of the component you edited is a class component, which disables Fast Refresh.
Fast Refresh requires at least one parent function component in your React tree. @ http://localhost:3000/_next/static/chunks/node_modules_next_dist_1e8vcs8._.js:776
[  108218ms] [WARNING] [Fast Refresh] performing full reload because your application had an unrecoverable error @ http://localhost:3000/_next/static/chunks/node_modules_next_dist_1e8vcs8._.js:776
[  108413ms] [INFO] %cDownload the React DevTools for a better development experience: https://react.dev/link/react-devtools font-weight:bold @ http://localhost:3000/_next/static/chunks/node_modules_next_dist_1e8vcs8._.js:776
[  108434ms] [LOG] [HMR] connected @ http://localhost:3000/_next/static/chunks/node_modules_next_dist_1e8vcs8._.js:776
[  108613ms] [WARNING] Image with src "/logo.svg" was detected as the Largest Contentful Paint (LCP). Please add the `loading="eager"` property if this image is above the fold.
Read more: https://nextjs.org/docs/app/api-reference/components/image#loading @ http://localhost:3000/_next/static/chunks/node_modules_next_dist_1e8vcs8._.js:776
[  108728ms] Error: Hydration failed because the server rendered HTML didn't match the client. As a result this tree will be regenerated on the client. This can happen if a SSR-ed Client Component used:

- A server/client branch `if (typeof window !== 'undefined')`.
- Variable input such as `Date.now()` or `Math.random()` which changes each time it's called.
- Date formatting in a user's locale which doesn't match the server.
- External changing data without sending a snapshot of it along with the HTML.
- Invalid HTML tag nesting.

It can also happen if the client has a browser extension installed which messes with the HTML before React loaded.

https://react.dev/link/hydration-mismatch

  ...
    <ErrorBoundary errorComponent={undefined} errorStyles={undefined} errorScripts={undefined}>
      <LoadingBoundary name="/" loading={null}>
        <HTTPAccessFallbackBoundary notFound={{...}} forbidden={undefined} unauthorized={undefined}>
          <HTTPAccessFallbackErrorBoundary pathname="/" notFound={{...}} forbidden={undefined} unauthorized={undefined} ...>
            <RedirectBoundary>
              <RedirectErrorBoundary router={{...}}>
                <InnerLayoutRouter url="/" tree={[...]} params={{}} cacheNode={{rsc:{...}, ...}} segmentPath={[...]} ...>
                  <SegmentViewNode type="page" pagePath="page.tsx">
                    <SegmentTrieNode>
                    <ClientPageRoot Component={function HomePage} serverProvidedParams={{...}}>
                      <HomePage params={Promise} searchParams={Promise}>
                        <Suspense fallback={<div>}>
                          <LoadableComponent>
+                           <Suspense fallback={null}>
-                           <div
-                             style={{width:"100%",display:"flex",justify-content:"center",background-image:"initial", ...}}
-                           >
                  ...
                ...

    at throwOnHydrationMismatch (http://localhost:3000/_next/static/chunks/node_modules_next_dist_compiled_react-dom_096_9a-._.js:3120:56)
    at updateSuspenseComponent (http://localhost:3000/_next/static/chunks/node_modules_next_dist_compiled_react-dom_096_9a-._.js:6108:99)
    at beginWork (http://localhost:3000/_next/static/chunks/node_modules_next_dist_compiled_react-dom_096_9a-._.js:6589:24)
    at runWithFiberInDEV (http://localhost:3000/_next/static/chunks/node_modules_next_dist_compiled_react-dom_096_9a-._.js:761:74)
    at performUnitOfWork (http://localhost:3000/_next/static/chunks/node_modules_next_dist_compiled_react-dom_096_9a-._.js:9385:97)
    at workLoopConcurrentByScheduler (http://localhost:3000/_next/static/chunks/node_modules_next_dist_compiled_react-dom_096_9a-._.js:9381:58)
    at renderRootConcurrent (http://localhost:3000/_next/static/chunks/node_modules_next_dist_compiled_react-dom_096_9a-._.js:9364:71)
    at performWorkOnRoot (http://localhost:3000/_next/static/chunks/node_modules_next_dist_compiled_react-dom_096_9a-._.js:8891:150)
    at performWorkOnRootViaSchedulerTask (http://localhost:3000/_next/static/chunks/node_modules_next_dist_compiled_react-dom_096_9a-._.js:10085:9)
    at MessagePort.performWorkUntilDeadline (http://localhost:3000/_next/static/chunks/node_modules_next_dist_compiled_1amofcm._.js:2647:64)
