[     295ms] [INFO] %cDownload the React DevTools for a better development experience: https://react.dev/link/react-devtools font-weight:bold @ http://localhost:3000/_next/static/chunks/node_modules_next_dist_1e8vcs8._.js:776
[     327ms] [LOG] [HMR] connected @ http://localhost:3000/_next/static/chunks/node_modules_next_dist_1e8vcs8._.js:776
[     444ms] [ERROR] A tree hydrated but some attributes of the server rendered HTML didn't match the client properties. This won't be patched up. This can happen if a SSR-ed Client Component used:

- A server/client branch `if (typeof window !== 'undefined')`.
- Variable input such as `Date.now()` or `Math.random()` which changes each time it's called.
- Date formatting in a user's locale which doesn't match the server.
- External changing data without sending a snapshot of it along with the HTML.
- Invalid HTML tag nesting.

It can also happen if the client has a browser extension installed which messes with the HTML before React loaded.

%s%s https://react.dev/link/hydration-mismatch 

  ...
    <RenderFromTemplateContext>
      <ScrollAndMaybeFocusHandler cacheNode={{rsc:{...}, ...}}>
        <InnerScrollHandlerNew focusAndScrollRef={{scrollRef:null, ...}} cacheNode={{rsc:{...}, ...}}>
          <ErrorBoundary errorComponent={undefined} errorStyles={undefined} errorScripts={undefined}>
            <LoadingBoundary name="kontak/" loading={null}>
              <HTTPAccessFallbackBoundary notFound={undefined} forbidden={undefined} unauthorized={undefined}>
                <RedirectBoundary>
                  <RedirectErrorBoundary router={{...}}>
                    <InnerLayoutRouter url="/kontak" tree={[...]} params={{}} cacheNode={{rsc:{...}, ...}} ...>
                      <SegmentViewNode type="page" pagePath="kontak/pag...">
                        <SegmentTrieNode>
                        <ClientPageRoot Component={function KontakPage} serverProvidedParams={{...}}>
                          <KontakPage params={Promise} searchParams={Promise}>
                            <div
+                             className="w-full bg-slate-50 min-h-screen py-24 kontak-main-wrap"
-                             className="w-full bg-slate-50 min-h-screen py-24"
                              style={{background:"#F8FAFC",padding:"80px 24px ..."}}
                            >
                              <div
                                className="max-w-7xl mx-auto px-6"
                                style={{
+                                 maxWidth: "1200px"
+                                 margin: "0 auto"
+                                 padding: 0
-                                 max-width: "1200px"
-                                 margin-top: "0px"
-                                 margin-right: "auto"
-                                 margin-bottom: "0px"
-                                 margin-left: "auto"
                                }}
                              >
                                <div
+                                 className="kontak-header"
-                                 className="text-center mb-16"
                                  style={{marginBottom:"64px",textAlign:"center"}}
                                >
                                  <h1
                                    style={{fontSize:"2.5rem",fontWeight:900,color:"#0F172A",marginBottom:"16px",letterSpacing:"-0.02em"}}
-                                   className="text-4xl font-extrabold text-gray-900 mb-4"
                                  >
+                                   Hubungi Kami
                                  <p
                                    style={{fontSize:"1.125rem",color:"#64748B",maxWidth:"640px",margin:"0 auto",lineHeight:1.6}}
-                                   className="text-lg text-gray-500 max-w-2xl mx-auto"
                                  >
+                                   Punya pertanyaan mengenai koleksi perpustakaan, kemitraan, atau butuh bantuan tekni...
                                <div
+                                 className="kontak-grid"
-                                 className="grid grid-cols-1 lg:grid-cols-2 gap-16 items-start"
                                  style={{display:"grid",gridTemplateColumns:"repeat(aut...",gap:"56px",alignItems:"start"}}
                                >
                                  <div
                                    style={{
+                                     display: "flex"
-                                     display: "flex"
+                                     flexDirection: "column"
+                                     gap: "20px"
-                                     flex-direction: "column"
-                                     row-gap: "24px"
-                                     column-gap: "24px"
                                    }}
-                                   className="flex flex-col space-y-8"
                                  >
                                    <a
                                      href="mailto:support@perpustakaandigital.com"
+                                     className="kontak-card-item"
-                                     className="flex items-start space-x-4 p-6 bg-white rounded-xl border border-gray..."
                                      style={{display:"flex",alignItems:"flex-start",gap:"20px",padding:"24px",background:"#FFFFFF", ...}}
                                    >
                                      <div
+                                       className="kontak-card-icon"
-                                       className="w-12 h-12 text-blue-600 bg-blue-50 p-2.5 rounded-xl flex items-cent..."
                                        style={{width:"48px",height:"48px",borderRadius:"12px",background:"#EFF6FF",color:"#2563EB", ...}}
                                      >
                                        <Mail size={22}>
                                          <svg
                                            ref={null}
                                            xmlns="http://www.w3.org/2000/svg"
+                                           width={22}
-                                           width="24"
+                                           height={22}
-                                           height="24"
                                            viewBox="0 0 24 24"
                                            fill="none"
                                            stroke="currentColor"
                                            strokeWidth={2}
                                            strokeLinecap="round"
                                            strokeLinejoin="round"
                                            className="lucide lucide-mail"
                                            aria-hidden="true"
                                          >
                                      <div
                                        style={{display:"flex",flexDirection:"column",gap:"4px"}}
-                                       className="flex flex-col"
                                      >
                                        <span
                                          style={{fontSize:"1.063rem",fontWeight:800,color:"#0F172A"}}
-                                         className="text-lg font-bold text-gray-900"
                                        >
+                                         Email Dukungan
                                        <span
                                          style={{fontSize:"0.938rem",color:"#64748B",lineHeight:1.5}}
-                                         className="text-gray-600 leading-relaxed"
                                        >
+                                         support@perpustakaandigital.com
                                    <a
                                      href="tel:+6281123456789"
+                                     className="kontak-card-item"
-                                     className="flex items-start space-x-4 p-6 bg-white rounded-xl border border-gray..."
                                      style={{display:"flex",alignItems:"flex-start",gap:"20px",padding:"24px",background:"#FFFFFF", ...}}
                                    >
                                      <div
+                                       className="kontak-card-icon"
-                                       className="w-12 h-12 text-blue-600 bg-blue-50 p-2.5 rounded-xl flex items-cent..."
                                        style={{width:"48px",height:"48px",borderRadius:"12px",background:"#EFF6FF",color:"#2563EB", ...}}
                                      >
                                        <Phone size={22}>
                                          <svg
                                            ref={null}
                                            xmlns="http://www.w3.org/2000/svg"
+                                           width={22}
-                                           width="24"
+                                           height={22}
-                                           height="24"
                                            viewBox="0 0 24 24"
                                            fill="none"
                                            stroke="currentColor"
                                            strokeWidth={2}
                                            strokeLinecap="round"
                                            strokeLinejoin="round"
                                            className="lucide lucide-phone"
                                            aria-hidden="true"
                                          >
                                      <div
                                        style={{display:"flex",flexDirection:"column",gap:"4px"}}
-                                       className="flex flex-col"
                                      >
                                        <span
                                          style={{fontSize:"1.063rem",fontWeight:800,color:"#0F172A"}}
-                                         className="text-lg font-bold text-gray-900"
                                        >
+                                         Nomor Telepon
                                        <span
                                          style={{fontSize:"0.938rem",color:"#64748B",lineHeight:1.5}}
-                                         className="text-gray-600 leading-relaxed"
                                        >
+                                         +62 811-2345-6789
                                    <div
                                      href={undefined}
+                                     className="kontak-card-item"
-                                     className="flex items-start space-x-4 p-6 bg-white rounded-xl border border-gray..."
                                      style={{display:"flex",alignItems:"flex-start",gap:"20px",padding:"24px",background:"#FFFFFF", ...}}
                                    >
                                      <div
+                                       className="kontak-card-icon"
-                                       className="w-12 h-12 text-blue-600 bg-blue-50 p-2.5 rounded-xl flex items-cent..."
                                        style={{width:"48px",height:"48px",borderRadius:"12px",background:"#EFF6FF",color:"#2563EB", ...}}
                                      >
                                        <MapPin size={22}>
                                          <svg
                                            ref={null}
                                            xmlns="http://www.w3.org/2000/svg"
+                                           width={22}
-                                           width="24"
+                                           height={22}
-                                           height="24"
                                            viewBox="0 0 24 24"
                                            fill="none"
                                            stroke="currentColor"
                                            strokeWidth={2}
                                            strokeLinecap="round"
                                            strokeLinejoin="round"
                                            className="lucide lucide-map-pin"
                                            aria-hidden="true"
                                          >
                                      <div
                                        style={{display:"flex",flexDirection:"column",gap:"4px"}}
-                                       className="flex flex-col"
                                      >
                                        <span
                                          style={{fontSize:"1.063rem",fontWeight:800,color:"#0F172A"}}
-                                         className="text-lg font-bold text-gray-900"
                                        >
+                                         Alamat Kantor
                                        <span
                                          style={{fontSize:"0.938rem",color:"#64748B",lineHeight:1.5}}
-                                         className="text-gray-600 leading-relaxed"
                                        >
+                                         Gedung Pengetahuan Nusantara, Lt. 5, Jl. Sudirman No. 123, Jakarta, Indonesia
                                    <div
+                                     style={{paddingTop:"4px"}}
-                                     style={{padding-top:"8px"}}
                                    >
                                      <a
                                        href="https://wa.me/6281234567890"
                                        target="_blank"
                                        rel="noopener noreferrer"
                                        style={{
+                                         display: "inline-flex"
-                                         display: "inline-flex"
+                                         alignItems: "center"
+                                         justifyContent: "center"
+                                         gap: "10px"
+                                         background: "#10B981"
+                                         color: "#FFFFFF"
-                                         color: "rgb(255, 255, 255)"
+                                         fontWeight: 700
+                                         fontSize: "0.938rem"
+                                         padding: "14px 24px"
+                                         borderRadius: "14px"
+                                         textDecoration: "none"
+                                         boxShadow: "0 6px 20px rgba(16, 185, 129, 0.35)"
+                                         transition: "all 0.2s ease"
+                                         width: "100%"
-                                         width: "100%"
+                                         boxSizing: "border-box"
-                                         align-items: "center"
-                                         justify-content: "center"
-                                         row-gap: "10px"
-                                         column-gap: "10px"
-                                         background-image: "initial"
-                                         background-position-x: "initial"
-                                         background-position-y: "initial"
-                                         background-size: "initial"
-                                         background-repeat: "initial"
-                                         background-attachment: "initial"
-                                         background-origin: "initial"
-                                         background-clip: "initial"
-                                         background-color: "rgb(16, 185, 129)"
-                                         font-weight: "700"
-                                         font-size: "1rem"
-                                         padding-top: "16px"
-                                         padding-right: "32px"
-                                         padding-bottom: "16px"
-                                         padding-left: "32px"
-                                         border-top-left-radius: "14px"
-                                         border-top-right-radius: "14px"
-                                         border-bottom-right-radius: "14px"
-                                         border-bottom-left-radius: "14px"
-                                         text-decoration-line: "none"
-                                         text-decoration-thickness: "initial"
-                                         text-decoration-style: "initial"
-                                         text-decoration-color: "initial"
-                                         box-shadow: "rgba(16, 185, 129, 0.35) 0px 6px 20px"
-                                         transition-behavior: "normal"
-                                         transition-duration: "0.2s"
-                                         transition-timing-function: "ease"
-                                         transition-delay: "0s"
-                                         transition-property: "all"
                                        }}
-                                       className="w-full sm:w-auto inline-flex items-center justify-center gap-2 bg-g..."
                                      >
                                        <MessageCircle size={20}>
                                          <svg
                                            ref={null}
                                            xmlns="http://www.w3.org/2000/svg"
+                                           width={20}
-                                           width="22"
+                                           height={20}
-                                           height="22"
                                            viewBox="0 0 24 24"
                                            fill="none"
                                            stroke="currentColor"
                                            strokeWidth={2}
                                            strokeLinecap="round"
                                            strokeLinejoin="round"
                                            className="lucide lucide-message-circle"
                                            aria-hidden="true"
                                          >
                                        ...
                                  <div
+                                   className="kontak-form-card"
-                                   className="bg-white p-8 md:p-10 rounded-2xl shadow-[0_8px_30px_rgb(0,0,0,0.06)] bo..."
                                    style={{background:"#FFFFFF",padding:"36px 32px",borderRadius:"20px",boxShadow:"0 8px 30px...", ...}}
                                  >
                      ...
                    ...
          ...
 @ http://localhost:3000/_next/static/chunks/node_modules_next_dist_1e8vcs8._.js:1052
