[     239ms] [INFO] %cDownload the React DevTools for a better development experience: https://react.dev/link/react-devtools font-weight:bold @ http://localhost:3000/_next/static/chunks/node_modules_next_dist_1e8vcs8._.js:776
[     267ms] [LOG] [HMR] connected @ http://localhost:3000/_next/static/chunks/node_modules_next_dist_1e8vcs8._.js:776
[     427ms] Error: Hydration failed because the server rendered HTML didn't match the client. As a result this tree will be regenerated on the client. This can happen if a SSR-ed Client Component used:

- A server/client branch `if (typeof window !== 'undefined')`.
- Variable input such as `Date.now()` or `Math.random()` which changes each time it's called.
- Date formatting in a user's locale which doesn't match the server.
- External changing data without sending a snapshot of it along with the HTML.
- Invalid HTML tag nesting.

It can also happen if the client has a browser extension installed which messes with the HTML before React loaded.

https://react.dev/link/hydration-mismatch

  ...
    <ErrorBoundary errorComponent={undefined} errorStyles={undefined} errorScripts={undefined}>
      <LoadingBoundary name="faq/" loading={null}>
        <HTTPAccessFallbackBoundary notFound={undefined} forbidden={undefined} unauthorized={undefined}>
          <RedirectBoundary>
            <RedirectErrorBoundary router={{...}}>
              <InnerLayoutRouter url="/faq" tree={[...]} params={{}} cacheNode={{rsc:{...}, ...}} segmentPath={[...]} ...>
                <SegmentViewNode type="page" pagePath="faq/page.tsx">
                  <SegmentTrieNode>
                  <ClientPageRoot Component={function VisitorFAQPage} serverProvidedParams={{...}}>
                    <VisitorFAQPage params={Promise} searchParams={Promise}>
                      <main>
                        <FAQComponent type="visitor">
                          <div style={{...}}>
                            <style>
                            <div>
                            <div>
                            <div>
                            <div style={{maxWidth:"...", ...}}>
                              <div
+                               style={{textAlign:"center",marginBottom:"32px"}}
-                               style={{text-align:"center",margin-bottom:"48px"}}
                              >
                                <h1
                                  style={{
+                                   fontSize: "clamp(1.5rem, 4vw, 2.25rem)"
+                                   fontWeight: 800
+                                   color: "#0F172A"
-                                   color: "rgb(15, 23, 42)"
+                                   marginBottom: "10px"
+                                   letterSpacing: "-0.025em"
-                                   font-size: "36px"
-                                   font-weight: "800"
-                                   margin-bottom: "16px"
-                                   letter-spacing: "-0.025em"
                                  }}
                                >
+                                 Pertanyaan yang Sering Diajukan
                                <p
                                  style={{
+                                   color: "#64748B"
-                                   color: "rgb(100, 116, 139)"
+                                   fontSize: "clamp(0.875rem, 2vw, 1.125rem)"
+                                   maxWidth: "560px"
+                                   margin: "0 auto"
-                                   font-size: "18px"
                                  }}
                                >
+                                 Temukan jawaban atas pertanyaan umum seputar layanan Perpustakaan Digital kami.
                              <div
                                style={{
+                                 display: "flex"
+                                 alignItems: "center"
+                                 maxWidth: "672px"
+                                 margin: "0 auto 28px"
+                                 backgroundColor: "#FFFFFF"
+                                 border: "1px solid #E2E8F0"
+                                 borderRadius: "12px"
+                                 padding: "4px 14px"
+                                 boxShadow: "0 1px 2px 0 rgba(0, 0, 0, 0.05)"
+                                 boxSizing: "border-box"
-                                 position: "relative"
-                                 max-width: "672px"
-                                 margin-top: "0px"
-                                 margin-right: "auto"
-                                 margin-bottom: "40px"
-                                 margin-left: "auto"
-                                 background-color: "rgb(255, 255, 255)"
-                                 border-top-width: "1px"
-                                 border-right-width: "1px"
-                                 border-bottom-width: "1px"
-                                 border-left-width: "1px"
-                                 border-top-style: "solid"
-                                 border-right-style: "solid"
-                                 border-bottom-style: "solid"
-                                 border-left-style: "solid"
-                                 border-top-color: "rgb(226, 232, 240)"
-                                 border-right-color: "rgb(226, 232, 240)"
-                                 border-bottom-color: "rgb(226, 232, 240)"
-                                 border-left-color: "rgb(226, 232, 240)"
-                                 border-image-source: "none"
-                                 border-image-slice: "100%"
-                                 border-image-width: "1"
-                                 border-image-outset: "0"
-                                 border-image-repeat: "stretch"
-                                 border-top-left-radius: "12px"
-                                 border-top-right-radius: "12px"
-                                 border-bottom-right-radius: "12px"
-                                 border-bottom-left-radius: "12px"
-                                 overflow-x: "hidden"
-                                 overflow-y: "hidden"
-                                 box-shadow: "rgba(0, 0, 0, 0.05) 0px 1px 2px 0px"
                                }}
-                               className="faq-search-wrap"
                              >
                                <Search color="#94A3B8" size={18} style={{flexShrink:0, ...}}>
+                                 <svg
+                                   ref={null}
+                                   xmlns="http://www.w3.org/2000/svg"
+                                   width={18}
+                                   height={18}
+                                   viewBox="0 0 24 24"
+                                   fill="none"
+                                   stroke="#94A3B8"
+                                   strokeWidth={2}
+                                   strokeLinecap="round"
+                                   strokeLinejoin="round"
+                                   className="lucide lucide-search"
+                                   aria-hidden="true"
+                                   style={{flexShrink:0,marginRight:"10px"}}
+                                 >
-                                 <div
-                                   style={{position:"absolute",top:"0px",bottom:"0px",left:"16px",display:"flex",align-items:"center", ...}}
-                                 >
                                ...
                              ...
                ...
              ...

    at throwOnHydrationMismatch (http://localhost:3000/_next/static/chunks/node_modules_next_dist_compiled_react-dom_096_9a-._.js:3120:56)
    at beginWork (http://localhost:3000/_next/static/chunks/node_modules_next_dist_compiled_react-dom_096_9a-._.js:6585:918)
    at runWithFiberInDEV (http://localhost:3000/_next/static/chunks/node_modules_next_dist_compiled_react-dom_096_9a-._.js:761:74)
    at performUnitOfWork (http://localhost:3000/_next/static/chunks/node_modules_next_dist_compiled_react-dom_096_9a-._.js:9385:97)
    at workLoopConcurrentByScheduler (http://localhost:3000/_next/static/chunks/node_modules_next_dist_compiled_react-dom_096_9a-._.js:9381:58)
    at renderRootConcurrent (http://localhost:3000/_next/static/chunks/node_modules_next_dist_compiled_react-dom_096_9a-._.js:9364:71)
    at performWorkOnRoot (http://localhost:3000/_next/static/chunks/node_modules_next_dist_compiled_react-dom_096_9a-._.js:8891:150)
    at performWorkOnRootViaSchedulerTask (http://localhost:3000/_next/static/chunks/node_modules_next_dist_compiled_react-dom_096_9a-._.js:10085:9)
    at MessagePort.performWorkUntilDeadline (http://localhost:3000/_next/static/chunks/node_modules_next_dist_compiled_1amofcm._.js:2647:64)
